[html.themehour.net/kleanix/demo/home-5.html]
[backblue.gif]
[fade.gif]
[index.html]
[html.themehour.net/kleanix/demo/assets/img/favicons/apple-icon-57x57.png]
[html.themehour.net/kleanix/demo/assets/img/favicons/apple-icon-60x60.png]
[html.themehour.net/kleanix/demo/assets/img/favicons/apple-icon-72x72.png]
[html.themehour.net/kleanix/demo/assets/img/favicons/apple-icon-76x76.png]
[html.themehour.net/kleanix/demo/assets/img/favicons/apple-icon-114x114.png]
[html.themehour.net/kleanix/demo/assets/img/favicons/apple-icon-120x120.png]
[html.themehour.net/kleanix/demo/assets/img/favicons/apple-icon-144x144.png]
[html.themehour.net/kleanix/demo/assets/img/favicons/apple-icon-152x152.png]
[html.themehour.net/kleanix/demo/assets/img/favicons/apple-icon-180x180.png]
[html.themehour.net/kleanix/demo/assets/img/favicons/android-icon-192x192.png]
[html.themehour.net/kleanix/demo/assets/img/favicons/favicon-32x32.png]
[html.themehour.net/kleanix/demo/assets/img/favicons/favicon-96x96.png]
[html.themehour.net/kleanix/demo/assets/img/favicons/favicon-16x16.png]
[html.themehour.net/kleanix/demo/assets/img/favicons/manifest.json]
[html.themehour.net/kleanix/demo/assets/img/favicons/ms-icon-144x144.png]
[html.themehour.net/kleanix/demo/assets/css/bootstrap.min.css]
[html.themehour.net/kleanix/demo/assets/css/fontawesome.min.css]
[html.themehour.net/kleanix/demo/assets/css/magnific-popup.min.css]
[html.themehour.net/kleanix/demo/assets/css/swiper-bundle.min.css]
[fonts.googleapis.com/index.html]
[html.themehour.net/kleanix/demo/assets/css/jquery.datetimepicker.min.css]
[html.themehour.net/kleanix/demo/assets/css/style.css]
[html.themehour.net/kleanix/demo/assets/img/product/product_thumb_1_1.jpg]
[html.themehour.net/kleanix/demo/assets/img/product/product_thumb_1_2.jpg]
[html.themehour.net/kleanix/demo/assets/img/product/product_thumb_1_3.jpg]
[html.themehour.net/kleanix/demo/assets/img/product/product_thumb_1_4.jpg]
[html.themehour.net/kleanix/demo/assets/img/product/product_thumb_1_5.jpg]
[html.themehour.net/kleanix/demo/cart.html]
[html.themehour.net/kleanix/demo/checkout.html]
[html.themehour.net/kleanix/demo/index.html]
[html.themehour.net/kleanix/demo/assets/img/logo.svg]
[html.themehour.net/kleanix/demo/home-2.html]
[html.themehour.net/kleanix/demo/home-3.html]
[html.themehour.net/kleanix/demo/home-1-op.html]
[html.themehour.net/kleanix/demo/home-2-op.html]
[html.themehour.net/kleanix/demo/home-3-op.html]
[html.themehour.net/kleanix/demo/home-1-rtl.html]
[html.themehour.net/kleanix/demo/home-2-rtl.html]
[html.themehour.net/kleanix/demo/home-3-rtl.html]
[html.themehour.net/kleanix/demo/about.html]
[html.themehour.net/kleanix/demo/service.html]
[html.themehour.net/kleanix/demo/service-details.html]
[html.themehour.net/kleanix/demo/shop.html]
[html.themehour.net/kleanix/demo/shop-details.html]
[html.themehour.net/kleanix/demo/wishlist.html]
[html.themehour.net/kleanix/demo/team.html]
[html.themehour.net/kleanix/demo/team-details.html]
[html.themehour.net/kleanix/demo/project.html]
[html.themehour.net/kleanix/demo/project-details.html]
[html.themehour.net/kleanix/demo/pricing.html]
[html.themehour.net/kleanix/demo/testimonials.html]
[html.themehour.net/kleanix/demo/appointment.html]
[html.themehour.net/kleanix/demo/faq.html]
[html.themehour.net/kleanix/demo/error.html]
[html.themehour.net/kleanix/demo/blog.html]
[html.themehour.net/kleanix/demo/blog-details.html]
[html.themehour.net/kleanix/demo/contact.html]
[html.themehour.net/kleanix/demo/assets/img/icon/english.png]
[html.themehour.net/kleanix/demo/assets/img/pages/index.jpg]
[html.themehour.net/kleanix/demo/assets/img/pages/home-2.jpg]
[html.themehour.net/kleanix/demo/assets/img/pages/home-3.jpg]
[html.themehour.net/kleanix/demo/assets/img/pages/home-4.jpg]
[html.themehour.net/kleanix/demo/home-4.html]
[html.themehour.net/kleanix/demo/home-4-op.html]
[html.themehour.net/kleanix/demo/home-4-rtl.html]
[html.themehour.net/kleanix/demo/assets/img/pages/home-5.jpg]
[html.themehour.net/kleanix/demo/home-5-op.html]
[html.themehour.net/kleanix/demo/home-5-rtl.html]
[html.themehour.net/kleanix/demo/assets/img/pages/home-6.jpg]
[html.themehour.net/kleanix/demo/home-6.html]
[html.themehour.net/kleanix/demo/home-6-op.html]
[html.themehour.net/kleanix/demo/home-6-rtl.html]
[html.themehour.net/kleanix/demo/assets/img/shape/vector_shape_4.svg]
[html.themehour.net/kleanix/demo/assets/img/hero/hero_bg_5_1.jpg]
[html.themehour.net/kleanix/demo/assets/img/hero/hero_overlay_1.png]
[html.themehour.net/kleanix/demo/assets/img/hero/bubble_1.png]
[html.themehour.net/kleanix/demo/assets/img/hero/bubble_2.png]
[html.themehour.net/kleanix/demo/assets/img/hero/bubble_3.png]
[html.themehour.net/kleanix/demo/assets/img/hero/bubble_4.png]
[html.themehour.net/kleanix/demo/assets/img/theme-img/title_icon.svg]
[html.themehour.net/kleanix/demo/assets/img/hero/hero_bg_5_2.jpg]
[html.themehour.net/kleanix/demo/assets/img/hero/hero_bg_5_3.jpg]
[html.themehour.net/kleanix/demo/assets/img/hero/circle_big.png]
[html.themehour.net/kleanix/demo/assets/img/hero/circle_middle.png]
[html.themehour.net/kleanix/demo/assets/img/shape/vector_shape_6.png]
[html.themehour.net/kleanix/demo/assets/img/normal/about_2_1.jpg]
[html.themehour.net/kleanix/demo/assets/img/normal/about_2_2.jpg]
[html.themehour.net/kleanix/demo/assets/img/normal/dots.png]
[html.themehour.net/kleanix/demo/assets/img/shape/vector_shape_7.png]
[html.themehour.net/kleanix/demo/assets/img/service/service_box_1.png]
[html.themehour.net/kleanix/demo/assets/img/service/service_box_2.png]
[html.themehour.net/kleanix/demo/assets/img/service/service_box_3.png]
[html.themehour.net/kleanix/demo/assets/img/bg/counter_bg_1.jpg]
[html.themehour.net/kleanix/demo/assets/img/icon/counter_card_1.svg]
[html.themehour.net/kleanix/demo/assets/img/icon/counter_card_2.svg]
[html.themehour.net/kleanix/demo/assets/img/icon/counter_card_3.svg]
[html.themehour.net/kleanix/demo/assets/img/icon/counter_card_4.svg]
[html.themehour.net/kleanix/demo/assets/img/shape/vector_shape_8.png]
[html.themehour.net/kleanix/demo/assets/img/normal/process_card_1.jpg]
[html.themehour.net/kleanix/demo/assets/img/normal/process_card_2.jpg]
[html.themehour.net/kleanix/demo/assets/img/normal/process_card_3.jpg]
[html.themehour.net/kleanix/demo/assets/img/bg/cta_bg_1.jpg]
[html.themehour.net/kleanix/demo/assets/img/team/team_2_1.jpg]
[html.themehour.net/kleanix/demo/assets/img/team/team_2_2.jpg]
[html.themehour.net/kleanix/demo/assets/img/team/team_2_3.jpg]
[html.themehour.net/kleanix/demo/assets/img/team/team_2_4.jpg]
[html.themehour.net/kleanix/demo/assets/img/team/team_2_5.jpg]
[html.themehour.net/kleanix/demo/assets/img/team/team_2_6.jpg]
[html.themehour.net/kleanix/demo/assets/img/shape/tool_shape_6.png]
[html.themehour.net/kleanix/demo/assets/img/shape/vector_shape_9.png]
[html.themehour.net/kleanix/demo/assets/img/gallery/gallery_2_1.jpg]
[html.themehour.net/kleanix/demo/assets/img/gallery/gallery_2_2.jpg]
[html.themehour.net/kleanix/demo/assets/img/gallery/gallery_2_3.jpg]
[html.themehour.net/kleanix/demo/assets/img/gallery/gallery_2_4.jpg]
[html.themehour.net/kleanix/demo/assets/img/gallery/gallery_2_5.jpg]
[html.themehour.net/kleanix/demo/assets/img/shape/vector_shape_10.png]
[html.themehour.net/kleanix/demo/assets/img/testimonial/testi_5_1.jpg]
[html.themehour.net/kleanix/demo/assets/img/testimonial/testi_5_2.jpg]
[html.themehour.net/kleanix/demo/assets/img/testimonial/testi_5_3.jpg]
[html.themehour.net/kleanix/demo/assets/img/shape/vector_shape_1.png]
[html.themehour.net/kleanix/demo/assets/img/blog/blog_5_1.jpg]
[html.themehour.net/kleanix/demo/assets/img/blog/blog_5_2.jpg]
[html.themehour.net/kleanix/demo/assets/img/blog/blog_5_3.jpg]
[html.themehour.net/kleanix/demo/assets/img/bg/subscribe_bg_1.png]
[html.themehour.net/kleanix/demo/assets/img/bg/footer_bg_2.jpg]
[html.themehour.net/kleanix/demo/assets/img/shape/footer_shape_3.png]
[html.themehour.net/kleanix/demo/assets/img/logo-footer.svg]
[html.themehour.net/kleanix/demo/assets/img/gallery/widget_gallery_1.jpg]
[html.themehour.net/kleanix/demo/assets/img/gallery/widget_gallery_2.jpg]
[html.themehour.net/kleanix/demo/assets/img/gallery/widget_gallery_3.jpg]
[html.themehour.net/kleanix/demo/assets/img/gallery/widget_gallery_4.jpg]
[html.themehour.net/kleanix/demo/assets/img/gallery/widget_gallery_5.jpg]
[html.themehour.net/kleanix/demo/assets/img/gallery/widget_gallery_6.jpg]
[html.themehour.net/kleanix/demo/assets/js/vendor/jquery-3.7.1.min.js]
[html.themehour.net/kleanix/demo/assets/js/swiper-bundle.min.js]
[html.themehour.net/kleanix/demo/assets/js/bootstrap.min.js]
[html.themehour.net/kleanix/demo/assets/js/jquery.magnific-popup.min.js]
[html.themehour.net/kleanix/demo/assets/js/jquery.counterup.min.js]
[html.themehour.net/kleanix/demo/assets/js/circle-progress.js]
[html.themehour.net/kleanix/demo/assets/js/jquery.datetimepicker.min.js]
[html.themehour.net/kleanix/demo/assets/js/jquery-ui.min.js]
[html.themehour.net/kleanix/demo/assets/js/tilt.jquery.min.js]
[html.themehour.net/kleanix/demo/assets/js/imagesloaded.pkgd.min.js]
[html.themehour.net/kleanix/demo/assets/js/isotope.pkgd.min.js]
[html.themehour.net/kleanix/demo/assets/js/main.js]
[html.themehour.net/kleanix/demo/home-5.html]
[fonts.googleapis.com/index.html]
[fonts.gstatic.com/index.html]
[fonts.googleapis.com/css218a5.css]
[html.themehour.net/kleanix/demo/assets/css/bootstrap.min.css]
[html.themehour.net/kleanix/demo/assets/css/fontawesome.min.css]
[html.themehour.net/kleanix/demo/assets/css/magnific-popup.min.css]
[html.themehour.net/kleanix/demo/assets/css/swiper-bundle.min.css]
[html.themehour.net/kleanix/demo/assets/css/jquery.datetimepicker.min.css]
[html.themehour.net/kleanix/demo/assets/css/style.css]
[html.themehour.net/kleanix/demo/cart.html]
[html.themehour.net/kleanix/demo/checkout.html]
[html.themehour.net/kleanix/demo/index.html]
[html.themehour.net/kleanix/demo/assets/img/logo.svg]
[html.themehour.net/kleanix/demo/home-2.html]
[html.themehour.net/kleanix/demo/home-3.html]
[html.themehour.net/kleanix/demo/home-1-op.html]
[html.themehour.net/kleanix/demo/home-2-op.html]
[html.themehour.net/kleanix/demo/home-3-op.html]
[html.themehour.net/kleanix/demo/home-1-rtl.html]
[html.themehour.net/kleanix/demo/home-2-rtl.html]
[html.themehour.net/kleanix/demo/home-3-rtl.html]
[html.themehour.net/kleanix/demo/about.html]
[html.themehour.net/kleanix/demo/service.html]
[html.themehour.net/kleanix/demo/service-details.html]
[html.themehour.net/kleanix/demo/shop.html]
[html.themehour.net/kleanix/demo/shop-details.html]
[html.themehour.net/kleanix/demo/wishlist.html]
[html.themehour.net/kleanix/demo/team.html]
[html.themehour.net/kleanix/demo/team-details.html]
[html.themehour.net/kleanix/demo/project.html]
[html.themehour.net/kleanix/demo/project-details.html]
[html.themehour.net/kleanix/demo/pricing.html]
[html.themehour.net/kleanix/demo/testimonials.html]
[html.themehour.net/kleanix/demo/appointment.html]
[html.themehour.net/kleanix/demo/faq.html]
[html.themehour.net/kleanix/demo/error.html]
[html.themehour.net/kleanix/demo/blog.html]
[html.themehour.net/kleanix/demo/blog-details.html]
[html.themehour.net/kleanix/demo/contact.html]
[html.themehour.net/kleanix/demo/home-4.html]
[html.themehour.net/kleanix/demo/home-4-op.html]
[html.themehour.net/kleanix/demo/home-4-rtl.html]
[html.themehour.net/kleanix/demo/home-5-op.html]
[html.themehour.net/kleanix/demo/home-5-rtl.html]
[html.themehour.net/kleanix/demo/home-6.html]
[html.themehour.net/kleanix/demo/home-6-op.html]
[html.themehour.net/kleanix/demo/home-6-rtl.html]
[html.themehour.net/kleanix/demo/assets/img/shape/vector_shape_4.svg]
[html.themehour.net/kleanix/demo/assets/img/theme-img/title_icon.svg]
[html.themehour.net/kleanix/demo/assets/img/icon/counter_card_1.svg]
[html.themehour.net/kleanix/demo/assets/img/icon/counter_card_2.svg]
[html.themehour.net/kleanix/demo/assets/img/icon/counter_card_3.svg]
[html.themehour.net/kleanix/demo/assets/img/icon/counter_card_4.svg]
[html.themehour.net/kleanix/demo/assets/img/logo-footer.svg]
[html.themehour.net/kleanix/demo/privacy-policy.html]
[html.themehour.net/kleanix/demo/portfolio.html]
